// Jest Snapshot v1, https://goo.gl/fbAQLP

exports[`<Loader /> not running 1`] = `ShallowWrapper {}`;

exports[`<Loader /> running 1`] = `ShallowWrapper {}`;
