// Jest Snapshot v1, https://goo.gl/fbAQLP

exports[`<ButtonContainer /> button container renders with 'Re-submit' text 1`] = `ShallowWrapper {}`;

exports[`<ButtonContainer /> button container renders with 'Submit' text 1`] = `ShallowWrapper {}`;
