// Jest Snapshot v1, https://goo.gl/fbAQLP

exports[`<MapButton /> reset button renders 1`] = `ShallowWrapper {}`;

exports[`<MapButton /> submit button renders 1`] = `ShallowWrapper {}`;
