// Jest Snapshot v1, https://goo.gl/fbAQLP

exports[`<ButtonContainer /> reset button renders 1`] = `ShallowWrapper {}`;

exports[`<ButtonContainer /> submit button renders 1`] = `ShallowWrapper {}`;

exports[`<ButtonContainer /> submit button renders 2`] = `ShallowWrapper {}`;

exports[`<FormButton /> reset button renders 1`] = `ShallowWrapper {}`;

exports[`<FormButton /> submit button renders 1`] = `ShallowWrapper {}`;
